[2026-04-17 19:08:54.988] [info] Loaded model S03 from file d:\RESEARCH\STW_dataset\Extracted\S03\scale\S03_simbody_scaled.osim
[2026-04-17 19:08:54.989] [warning] Couldn't find file 'r_pelvis.vtp'.
[2026-04-17 19:08:54.989] [warning] Couldn't find file 'l_pelvis.vtp'.
[2026-04-17 19:08:54.989] [warning] Couldn't find file 'sacrum.vtp'.
[2026-04-17 19:08:54.989] [warning] Couldn't find file 'r_femur.vtp'.
[2026-04-17 19:08:54.989] [warning] Couldn't find file 'r_tibia.vtp'.
[2026-04-17 19:08:54.989] [warning] Couldn't find file 'r_fibula.vtp'.
[2026-04-17 19:08:54.989] [warning] Couldn't find file 'r_patella.vtp'.
[2026-04-17 19:08:54.989] [warning] Couldn't find file 'r_talus.vtp'.
[2026-04-17 19:08:54.989] [warning] Couldn't find file 'r_foot.vtp'.
[2026-04-17 19:08:54.989] [warning] Couldn't find file 'r_bofoot.vtp'.
[2026-04-17 19:08:54.989] [warning] Couldn't find file 'l_femur.vtp'.
[2026-04-17 19:08:54.990] [warning] Couldn't find file 'l_tibia.vtp'.
[2026-04-17 19:08:54.990] [warning] Couldn't find file 'l_fibula.vtp'.
[2026-04-17 19:08:54.990] [warning] Couldn't find file 'l_patella.vtp'.
[2026-04-17 19:08:54.990] [warning] Couldn't find file 'l_talus.vtp'.
[2026-04-17 19:08:54.990] [warning] Couldn't find file 'l_foot.vtp'.
[2026-04-17 19:08:54.990] [warning] Couldn't find file 'l_bofoot.vtp'.
[2026-04-17 19:09:15.745] [info] Loaded model S03 from file d:\RESEARCH\STW_dataset\Extracted\S03\scale\S03_simbody_scaled.osim
[2026-04-17 19:09:15.745] [warning] Couldn't find file 'r_pelvis.vtp'.
[2026-04-17 19:09:15.745] [warning] Couldn't find file 'l_pelvis.vtp'.
[2026-04-17 19:09:15.745] [warning] Couldn't find file 'sacrum.vtp'.
[2026-04-17 19:09:15.745] [warning] Couldn't find file 'r_femur.vtp'.
[2026-04-17 19:09:15.745] [warning] Couldn't find file 'r_tibia.vtp'.
[2026-04-17 19:09:15.745] [warning] Couldn't find file 'r_fibula.vtp'.
[2026-04-17 19:09:15.745] [warning] Couldn't find file 'r_patella.vtp'.
[2026-04-17 19:09:15.745] [warning] Couldn't find file 'r_talus.vtp'.
[2026-04-17 19:09:15.746] [warning] Couldn't find file 'r_foot.vtp'.
[2026-04-17 19:09:15.746] [warning] Couldn't find file 'r_bofoot.vtp'.
[2026-04-17 19:09:15.746] [warning] Couldn't find file 'l_femur.vtp'.
[2026-04-17 19:09:15.746] [warning] Couldn't find file 'l_tibia.vtp'.
[2026-04-17 19:09:15.746] [warning] Couldn't find file 'l_fibula.vtp'.
[2026-04-17 19:09:15.746] [warning] Couldn't find file 'l_patella.vtp'.
[2026-04-17 19:09:15.746] [warning] Couldn't find file 'l_talus.vtp'.
[2026-04-17 19:09:15.746] [warning] Couldn't find file 'l_foot.vtp'.
[2026-04-17 19:09:15.746] [warning] Couldn't find file 'l_bofoot.vtp'.
[2026-04-17 19:09:41.706] [info] Loaded model S03 from file d:\RESEARCH\STW_dataset\Extracted\S03\scale\S03_simbody_scaled.osim
[2026-04-17 19:09:41.707] [warning] Couldn't find file 'r_pelvis.vtp'.
[2026-04-17 19:09:41.707] [warning] Couldn't find file 'l_pelvis.vtp'.
[2026-04-17 19:09:41.707] [warning] Couldn't find file 'sacrum.vtp'.
[2026-04-17 19:09:41.707] [warning] Couldn't find file 'r_femur.vtp'.
[2026-04-17 19:09:41.707] [warning] Couldn't find file 'r_tibia.vtp'.
[2026-04-17 19:09:41.707] [warning] Couldn't find file 'r_fibula.vtp'.
[2026-04-17 19:09:41.707] [warning] Couldn't find file 'r_patella.vtp'.
[2026-04-17 19:09:41.707] [warning] Couldn't find file 'r_talus.vtp'.
[2026-04-17 19:09:41.707] [warning] Couldn't find file 'r_foot.vtp'.
[2026-04-17 19:09:41.707] [warning] Couldn't find file 'r_bofoot.vtp'.
[2026-04-17 19:09:41.707] [warning] Couldn't find file 'l_femur.vtp'.
[2026-04-17 19:09:41.707] [warning] Couldn't find file 'l_tibia.vtp'.
[2026-04-17 19:09:41.707] [warning] Couldn't find file 'l_fibula.vtp'.
[2026-04-17 19:09:41.707] [warning] Couldn't find file 'l_patella.vtp'.
[2026-04-17 19:09:41.708] [warning] Couldn't find file 'l_talus.vtp'.
[2026-04-17 19:09:41.708] [warning] Couldn't find file 'l_foot.vtp'.
[2026-04-17 19:09:41.708] [warning] Couldn't find file 'l_bofoot.vtp'.
